# github.com/dmsafrica/dms/cmd/api
internal\security\jwt.go:1:1: expected 'package', found 'EOF'
FAIL	github.com/dmsafrica/dms/cmd/api [setup failed]
# github.com/dmsafrica/dms/internal/http/middleware
internal\security\jwt.go:1:1: expected 'package', found 'EOF'
FAIL	github.com/dmsafrica/dms/internal/http/middleware [setup failed]
# github.com/dmsafrica/dms/internal/http/routes
internal\security\jwt.go:1:1: expected 'package', found 'EOF'
FAIL	github.com/dmsafrica/dms/internal/http/routes [setup failed]
# github.com/dmsafrica/dms/internal/http/server
internal\security\jwt.go:1:1: expected 'package', found 'EOF'
FAIL	github.com/dmsafrica/dms/internal/http/server [setup failed]
# github.com/dmsafrica/dms/internal/security
internal\security\jwt.go:1:1: expected 'package', found 'EOF'
FAIL	github.com/dmsafrica/dms/internal/security [setup failed]
